---
source: twig-core/src/git/renderer.rs
expression: output
---
[92;1m*[0m [92;1mmain[0m                                 [90m--[0m        [90m--[0m    
[90m├─ [0mfeature/auth-refresh ([32m+3[0m/[90m-0[0m)        [36mPROJ-451[0m  [90m--[0m    
[90m│  └─ [0mfeature/auth-refresh-ui ([32m+1[0m/[31m-1[0m)  [36mPROJ-451[0m  [33m#982[0m  
[90m└─ [0mfeature/payment-refactor ([90m+0[0m/[31m-2[0m)    [90m--[0m        [33mdraft[0m 
[90m   ├─ [0mfeature/payment-api ([32m+1[0m/[90m-0[0m)      [90m--[0m        [90m--[0m    
[90m   └─ [0mfeature/payment-ui ([32m+2[0m/[90m-0[0m)       [90m--[0m        [90m--[0m
