---
source: twig-core/src/git/renderer.rs
expression: output
---
[1mBranch[0m                                 [1mStory[0m     [1mPR[0m      [1mNotes[0m    
[92;1m*[0m [92;1mmain[0m                                 [90m--[0m        [90m--[0m      [90m--[0m       
[90m├─ [0m[1mfeature/auth-refresh[0m ([32m+3[0m/[90m-0[0m)        [36mPROJ-451[0m  [90m--[0m      [90m--[0m       
[90m│  └─ [0m[1mfeature/auth-refresh-ui[0m ([32m+1[0m/[31m-1[0m)  [36mPROJ-451[0m  [33m#982[0m    [33min-review[0m
[90m└─ [0m[1mfeature/payment-refactor[0m ([90m+0[0m/[31m-2[0m)    [90m--[0m        [33mdraft[0m   [33mstale 21d[0m
[90m   ├─ [0m[1mfeature/payment-api[0m ([32m+1[0m/[90m-0[0m)      [90m--[0m        [90m--[0m      [90m--[0m       
[90m   └─ [0m[1mfeature/payment-ui[0m ([32m+2[0m/[90m-0[0m)       [90m--[0m        [90m--[0m      [32;1mready[0m
